app/admin/page.tsx(299,19): error TS2322: Type 'unknown' is not assignable to type 'ReactNode'.
app/api/products/route.ts(65,53): error TS2345: Argument of type 'Record<string, number>' is not assignable to parameter of type 'string | Record<string, SortOrder | { $meta: any; }> | [string, SortOrder][] | null | undefined'.
  Type 'Record<string, number>' is missing the following properties from type '[string, SortOrder][]': length, pop, push, concat, and 35 more.
app/profile/page.tsx(240,23): error TS2322: Type 'unknown' is not assignable to type 'ReactNode'.
components/products/ProductCard.tsx(45,9): error TS2322: Type 'unknown' is not assignable to type 'ReactNode'.
